------------------------------------------------------------
Timing Analyzer Summary
------------------------------------------------------------

Type  : Slow 1100mV 85C Model Setup 'clk'
Slack : -0.536
TNS   : -7.054

Type  : Slow 1100mV 85C Model Hold 'clk'
Slack : 0.509
TNS   : 0.000

Type  : Slow 1100mV 85C Model Minimum Pulse Width 'clk'
Slack : -0.724
TNS   : -17.704

Type  : Slow 1100mV 0C Model Setup 'clk'
Slack : -0.601
TNS   : -7.780

Type  : Slow 1100mV 0C Model Hold 'clk'
Slack : 0.501
TNS   : 0.000

Type  : Slow 1100mV 0C Model Minimum Pulse Width 'clk'
Slack : -0.724
TNS   : -17.792

Type  : Fast 1100mV 85C Model Setup 'clk'
Slack : 0.367
TNS   : 0.000

Type  : Fast 1100mV 85C Model Hold 'clk'
Slack : 0.209
TNS   : 0.000

Type  : Fast 1100mV 85C Model Minimum Pulse Width 'clk'
Slack : -0.085
TNS   : -1.352

Type  : Fast 1100mV 0C Model Setup 'clk'
Slack : 0.408
TNS   : 0.000

Type  : Fast 1100mV 0C Model Hold 'clk'
Slack : 0.192
TNS   : 0.000

Type  : Fast 1100mV 0C Model Minimum Pulse Width 'clk'
Slack : -0.085
TNS   : -1.344

------------------------------------------------------------
